error[E0277]: the trait bound `usize: rocket::http::uri::FromUriParam<rocket::http::uri::Path, &str>` is not satisfied
  --> $DIR/typed-uri-bad-type.rs:49:23
   |
49 |     uri!(simple: id = "hi");
   |                       ^^^^ the trait `rocket::http::uri::FromUriParam<rocket::http::uri::Path, &str>` is not implemented for `usize`
   |
   = help: the following implementations were found:
             usize as $TRAIT
             usize as $TRAIT
             usize as $TRAIT
   = note: required by `rocket::http::uri::FromUriParam::from_uri_param`

error[E0277]: the trait bound `usize: rocket::http::uri::FromUriParam<rocket::http::uri::Path, &str>` is not satisfied
  --> $DIR/typed-uri-bad-type.rs:52:18
   |
52 |     uri!(simple: "hello");
   |                  ^^^^^^^ the trait `rocket::http::uri::FromUriParam<rocket::http::uri::Path, &str>` is not implemented for `usize`
   |
   = help: the following implementations were found:
             usize as $TRAIT
             usize as $TRAIT
             usize as $TRAIT
   = note: required by `rocket::http::uri::FromUriParam::from_uri_param`

error[E0277]: the trait bound `usize: rocket::http::uri::FromUriParam<rocket::http::uri::Path, i64>` is not satisfied
  --> $DIR/typed-uri-bad-type.rs:55:23
   |
55 |     uri!(simple: id = 239239i64);
   |                       ^^^^^^^^^ the trait `rocket::http::uri::FromUriParam<rocket::http::uri::Path, i64>` is not implemented for `usize`
   |
   = help: the following implementations were found:
             usize as $TRAIT
             usize as $TRAIT
             usize as $TRAIT
   = note: required by `rocket::http::uri::FromUriParam::from_uri_param`

error[E0277]: the trait bound `S: rocket::http::uri::FromUriParam<rocket::http::uri::Path, _>` is not satisfied
  --> $DIR/typed-uri-bad-type.rs:58:31
   |
58 |     uri!(not_uri_display: 10, S);
   |                               ^ the trait `rocket::http::uri::FromUriParam<rocket::http::uri::Path, _>` is not implemented for `S`

error[E0277]: the trait bound `i32: rocket::http::uri::FromUriParam<rocket::http::uri::Path, std::option::Option<{integer}>>` is not satisfied
  --> $DIR/typed-uri-bad-type.rs:64:26
   |
64 |     uri!(optionals: id = Some(10), name = Ok("bob".into()));
   |                          ^^^^ the trait `rocket::http::uri::FromUriParam<rocket::http::uri::Path, std::option::Option<{integer}>>` is not implemented for `i32`
   |
   = help: the following implementations were found:
             i32 as $TRAIT
             i32 as $TRAIT
             i32 as $TRAIT
   = note: required because of the requirements on the impl of `rocket::http::uri::FromUriParam<rocket::http::uri::Path, std::option::Option<{integer}>>` for `std::option::Option<i32>`

error[E0277]: the trait bound `std::string::String: rocket::http::uri::FromUriParam<rocket::http::uri::Path, std::result::Result<_, _>>` is not satisfied
  --> $DIR/typed-uri-bad-type.rs:64:43
   |
64 |     uri!(optionals: id = Some(10), name = Ok("bob".into()));
   |                                           ^^ the trait `rocket::http::uri::FromUriParam<rocket::http::uri::Path, std::result::Result<_, _>>` is not implemented for `std::string::String`
   |
   = help: the following implementations were found:
             std::string::String as $TRAIT
             std::string::String as $TRAIT
             std::string::String as $TRAIT
             std::string::String as $TRAIT
           and $N others
   = note: required because of the requirements on the impl of `rocket::http::uri::FromUriParam<rocket::http::uri::Path, std::result::Result<_, _>>` for `std::result::Result<std::string::String, &rocket::http::RawStr>`

error[E0277]: the trait bound `isize: rocket::http::uri::FromUriParam<rocket::http::uri::Query, &str>` is not satisfied
  --> $DIR/typed-uri-bad-type.rs:68:20
   |
68 |     uri!(simple_q: "hi");
   |                    ^^^^ the trait `rocket::http::uri::FromUriParam<rocket::http::uri::Query, &str>` is not implemented for `isize`
   |
   = help: the following implementations were found:
             isize as $TRAIT
             isize as $TRAIT
             isize as $TRAIT
   = note: required by `rocket::http::uri::FromUriParam::from_uri_param`

error[E0277]: the trait bound `isize: rocket::http::uri::FromUriParam<rocket::http::uri::Query, &str>` is not satisfied
  --> $DIR/typed-uri-bad-type.rs:71:25
   |
71 |     uri!(simple_q: id = "hi");
   |                         ^^^^ the trait `rocket::http::uri::FromUriParam<rocket::http::uri::Query, &str>` is not implemented for `isize`
   |
   = help: the following implementations were found:
             isize as $TRAIT
             isize as $TRAIT
             isize as $TRAIT
   = note: required by `rocket::http::uri::FromUriParam::from_uri_param`

error[E0277]: the trait bound `S: rocket::http::uri::FromUriParam<rocket::http::uri::Query, _>` is not satisfied
  --> $DIR/typed-uri-bad-type.rs:74:24
   |
74 |     uri!(other_q: 100, S);
   |                        ^ the trait `rocket::http::uri::FromUriParam<rocket::http::uri::Query, _>` is not implemented for `S`

error[E0277]: the trait bound `S: rocket::http::uri::FromUriParam<rocket::http::uri::Query, _>` is not satisfied
  --> $DIR/typed-uri-bad-type.rs:77:26
   |
77 |     uri!(other_q: rest = S, id = 100);
   |                          ^ the trait `rocket::http::uri::FromUriParam<rocket::http::uri::Query, _>` is not implemented for `S`

error[E0277]: the trait bound `S: rocket::http::uri::Ignorable<rocket::http::uri::Query>` is not satisfied
   --> $DIR/typed-uri-bad-type.rs:41:29
    |
41  | fn other_q(id: usize, rest: S) {  }
    |                             ^ the trait `rocket::http::uri::Ignorable<rocket::http::uri::Query>` is not implemented for `S`
...
80  |     uri!(other_q: rest = _, id = 100);
    |     ---------------------------------- in this macro invocation
    | 
   ::: /Users/sbenitez/Sync/Data/Projects/Personal/Rocket/core/http/src/uri/uri_display.rs:467:40
    |
467 | pub fn assert_ignorable<P: UriPart, T: Ignorable<P>>() {  }
    |                                        ------------ required by this bound in `rocket::http::uri::assert_ignorable`

error[E0277]: the trait bound `usize: rocket::http::uri::Ignorable<rocket::http::uri::Query>` is not satisfied
   --> $DIR/typed-uri-bad-type.rs:41:16
    |
41  | fn other_q(id: usize, rest: S) {  }
    |                ^^^^^ the trait `rocket::http::uri::Ignorable<rocket::http::uri::Query>` is not implemented for `usize`
...
82  |     uri!(other_q: rest = S, id = _);
    |     -------------------------------- in this macro invocation
    | 
   ::: /Users/sbenitez/Sync/Data/Projects/Personal/Rocket/core/http/src/uri/uri_display.rs:467:40
    |
467 | pub fn assert_ignorable<P: UriPart, T: Ignorable<P>>() {  }
    |                                        ------------ required by this bound in `rocket::http::uri::assert_ignorable`

error[E0277]: the trait bound `S: rocket::http::uri::FromUriParam<rocket::http::uri::Query, _>` is not satisfied
  --> $DIR/typed-uri-bad-type.rs:82:26
   |
82 |     uri!(other_q: rest = S, id = _);
   |                          ^ the trait `rocket::http::uri::FromUriParam<rocket::http::uri::Query, _>` is not implemented for `S`

error: aborting due to 13 previous errors

For more information about this error, try `rustc --explain E0277`.
